---------------------------------------------------------------------------------------------------------------------------------------------------------------------------------------------------------------------
      name:  <unnamed>
       log:  \\programs.ahrq.local\programs\MEPS\AHRQ4_CY2\B_CFACT\BJ001DVK\Workshop_2018_Fall\STATA\PROG\exercise8.log
  log type:  text
 opened on:  28 Aug 2018, 14:41:42

. cd \\programs.ahrq.local\programs\MEPS\AHRQ4_CY2\B_CFACT\BJ001DVK\Workshop_2018_Fall\STATA\DATA
\\programs.ahrq.local\programs\MEPS\AHRQ4_CY2\B_CFACT\BJ001DVK\Workshop_2018_Fall\STATA\DATA

. 
. // pool three panels of data to get sufficient sample size
. use dupersid inscovy1 inscovy2 longwt varstr varpsu povcaty1 agey1x panel using h183

. tempfile panel19

. save "`panel19'"
file C:\Users\CYu\AppData\Local\Temp\ST_00000001.tmp saved

. 
. use dupersid inscovy1 inscovy2 longwt varstr varpsu povcaty1 agey1x panel using h172

. tempfile panel18

. save "`panel18'"
file C:\Users\CYu\AppData\Local\Temp\ST_00000002.tmp saved

. 
. use dupersid inscovy1 inscovy2 longwt varstr varpsu povcaty1 agey1x panel using h164

. 
. append using "`panel19'" "`panel18'"

. 
. gen poolwt=longwt/3

. gen subpop=(agey1x>=26 & agey1x<=30 & inscovy1==3 & povcaty1==5)

. label define insf -1 "NA" 1 "1 Any private" 2 "2 Public only" 3 "3 Uninsured"

. label define povcat 1 "1 Poor/negative" 2 "2 Near poor" 3 "3 Low income" 4 "4 Midlle income" 5 "5 High income"

. label value inscovy1 inscovy2 insf

. label value povcaty1 povcat

. 
. tab1 agey1x inscovy1 inscovy2 povcaty1 panel if subpop==1

-> tabulation of agey1x if subpop==1 

  AGE AS OF |
   12/31/12 |
(EDITED/IMP |
      UTED) |      Freq.     Percent        Cum.
------------+-----------------------------------
         26 |         17       21.79       21.79
         27 |         17       21.79       43.59
         28 |         20       25.64       69.23
         29 |         12       15.38       84.62
         30 |         12       15.38      100.00
------------+-----------------------------------
      Total |         78      100.00

-> tabulation of inscovy1 if subpop==1 

       HEALTH |
    INSURANCE |
     COVERAGE |
 INDICATOR 12 |      Freq.     Percent        Cum.
--------------+-----------------------------------
  3 Uninsured |         78      100.00      100.00
--------------+-----------------------------------
        Total |         78      100.00

-> tabulation of inscovy2 if subpop==1 

       HEALTH |
    INSURANCE |
     COVERAGE |
 INDICATOR 13 |      Freq.     Percent        Cum.
--------------+-----------------------------------
1 Any private |         15       19.23       19.23
2 Public only |          4        5.13       24.36
  3 Uninsured |         59       75.64      100.00
--------------+-----------------------------------
        Total |         78      100.00

-> tabulation of povcaty1 if subpop==1 

 FAMLY INC AS % |
     OF POVERTY |
 LINE-CATEGO 12 |      Freq.     Percent        Cum.
----------------+-----------------------------------
  5 High income |         78      100.00      100.00
----------------+-----------------------------------
          Total |         78      100.00

-> tabulation of panel if subpop==1 

      PANEL |
     NUMBER |      Freq.     Percent        Cum.
------------+-----------------------------------
         17 |         41       52.56       52.56
         18 |         22       28.21       80.77
         19 |         15       19.23      100.00
------------+-----------------------------------
      Total |         78      100.00

. tab subpop

     subpop |      Freq.     Percent        Cum.
------------+-----------------------------------
          0 |     50,457       99.85       99.85
          1 |         78        0.15      100.00
------------+-----------------------------------
      Total |     50,535      100.00

. summarize  if subpop==1

    Variable |        Obs        Mean    Std. Dev.       Min        Max
-------------+---------------------------------------------------------
    dupersid |          0
       panel |         78    17.66667    .7840399         17         19
      agey1x |         78    27.80769    1.358549         26         30
    povcaty1 |         78           5           0          5          5
    inscovy1 |         78           3           0          3          3
-------------+---------------------------------------------------------
    inscovy2 |         78    2.564103    .7991837          1          3
      longwt |         78    20877.78    19392.62   2469.102   103511.6
      varpsu |         78     1.74359    .6919931          1          3
      varstr |         78    1081.821    48.57442       1006       1165
      poolwt |         78     6959.26    6464.207   823.0341   34503.88
-------------+---------------------------------------------------------
      subpop |         78           1           0          1          1

. *tabmiss
. 
. svyset [pweight=poolwt], strata( varstr) psu(varpsu) vce(linearized) singleunit(missing)

      pweight: poolwt
          VCE: linearized
  Single unit: missing
     Strata 1: varstr
         SU 1: varpsu
        FPC 1: <zero>

. 
. // weighted estimate on totslf for combined data w/age=26-30, uninsured whole year, and high income
. // in the first year
. svy, subpop(subpop): tabulate inscovy2, cell se obs
(running tabulate on estimation sample)

Number of strata   =        59                Number of obs     =       21,006
Number of PSUs     =       138                Population size   =  120,072,659
                                              Subpop. no. obs   =           78
                                              Subpop. size      = 542,822.2603
                                              Design df         =           79

----------------------------------------------
HEALTH    |
INSURANCE |
COVERAGE  |
INDICATOR |
13        | proportion          se         obs
----------+-----------------------------------
       NA |          0           0           0
 1 Any pr |      .2328       .0664          15
 2 Public |      .0349       .0194           4
 3 Uninsu |      .7323       .0673          59
          | 
    Total |          1                      78
----------------------------------------------
  Key:  proportion  =  cell proportion
        se          =  linearized standard error of cell proportion
        obs         =  number of observations

  Table contains a zero in the marginals.
  Statistics cannot be computed.

Note: 106 strata omitted because they contain no subpopulation members.

. 
. log close  
      name:  <unnamed>
       log:  \\programs.ahrq.local\programs\MEPS\AHRQ4_CY2\B_CFACT\BJ001DVK\Workshop_2018_Fall\STATA\PROG\exercise8.log
  log type:  text
 closed on:  28 Aug 2018, 14:41:47
---------------------------------------------------------------------------------------------------------------------------------------------------------------------------------------------------------------------
